
*** crates/ajave-models/src/lib.rs:808:5: replace ret_ty -> Option<Ty> with Some(Default::default())

*** mutation diff:
--- crates/ajave-models/src/lib.rs
+++ replace ret_ty -> Option<Ty> with Some(Default::default())
@@ -800,25 +800,17 @@
     CollectionIterator,
     /// `size()` — read the synthetic `$$coll_size` field from the receiver.
     CollectionSize,
     /// `isEmpty()` — `$$coll_size == 0`.
     CollectionIsEmpty,
 }
 
 fn ret_ty(desc: &str) -> Option<Ty> {
-    let after = desc.rfind(')')? + 1;
-    match desc.as_bytes().get(after)? {
-        b'V' => None,
-        b'J' => Some(Ty::Long),
-        b'F' => Some(Ty::Float),
-        b'D' => Some(Ty::Double),
-        b'L' | b'[' => Some(Ty::Ref),
-        _ => Some(Ty::Int),
-    }
+    Some(Default::default()) /* ~ changed by cargo-mutants ~ */
 }
 
 /// Classes whose instance methods we treat as pure with respect to our state.
 /// String is genuinely immutable. StringBuilder is not, but we never read its
 /// fields, so havocking results is sound *given* that we track nothing about it.
 /// String-related owners whose methods we keep in the IR as `Rvalue::Call`
 /// so the concrete engine can evaluate them against tracked string content.
 pub const STR_OWNERS: &[&str] = &[


*** /Users/joss/.rustup/toolchains/1.98.1-aarch64-apple-darwin/bin/cargo test --no-run --verbose --workspace
       Fresh memchr v2.8.3
       Fresh unicode-ident v1.0.24
       Fresh log v0.4.33
       Dirty ajave-models v0.1.0 (/private/var/folders/xq/wc8304x52tn2sw3bkvsv7fvc0000gn/T/cargo-mutants-roast-D3SVQL.tmp/crates/ajave-models): the file `crates/ajave-models/src/lib.rs` has changed (1788697295.609538511s, 7s after last build at 1788697288.299372976s)
   Compiling ajave-models v0.1.0 (/private/var/folders/xq/wc8304x52tn2sw3bkvsv7fvc0000gn/T/cargo-mutants-roast-D3SVQL.tmp/crates/ajave-models)
       Fresh glob v0.3.4
       Fresh hashbrown v0.17.1
     Running `/Users/joss/.rustup/toolchains/1.98.1-aarch64-apple-darwin/bin/rustc --crate-name ajave_models --edition=2021 crates/ajave-models/src/lib.rs --error-format=json --json=diagnostic-rendered-ansi,artifacts,future-incompat --crate-type lib --emit=dep-info,metadata,link -C embed-bitcode=no -C debuginfo=2 -C split-debuginfo=unpacked --check-cfg 'cfg(docsrs,test)' --check-cfg 'cfg(feature, values())' -C metadata=535c12e05a026dd3 -C extra-filename=-54847896c0885a7f --out-dir /private/var/folders/xq/wc8304x52tn2sw3bkvsv7fvc0000gn/T/cargo-mutants-roast-D3SVQL.tmp/target/debug/deps -C incremental=/private/var/folders/xq/wc8304x52tn2sw3bkvsv7fvc0000gn/T/cargo-mutants-roast-D3SVQL.tmp/target/debug/incremental -L dependency=/private/var/folders/xq/wc8304x52tn2sw3bkvsv7fvc0000gn/T/cargo-mutants-roast-D3SVQL.tmp/target/debug/deps --extern ajave_ir=/private/var/folders/xq/wc8304x52tn2sw3bkvsv7fvc0000gn/T/cargo-mutants-roast-D3SVQL.tmp/target/debug/deps/libajave_ir-de43b848364d2ccc.rmeta`
       Fresh equivalent v1.0.2
       Fresh minimal-lexical v0.2.1
       Fresh cfg-if v1.0.4
       Fresh proc-macro2 v1.0.107
       Fresh serde_core v1.0.229
       Fresh libloading v0.8.9
       Fresh nom v7.1.3
       Fresh libc v0.2.189
       Fresh indexmap v2.14.0
       Fresh either v1.17.0
       Fresh quote v1.0.47
       Fresh serde v1.0.229
       Fresh winnow v0.7.15
       Fresh toml_write v0.1.2
       Fresh clang-sys v1.9.1
       Fresh itertools v0.13.0
       Fresh cexpr v0.6.0
       Fresh find-msvc-tools v0.1.9
       Fresh toml_datetime v0.6.11
       Fresh serde_spanned v0.6.9
       Fresh syn v2.0.119
       Fresh unicode-segmentation v1.13.3
       Fresh shlex v1.3.0
       Fresh rustc-hash v2.1.3
       Fresh shlex v2.0.1
       Fresh bitflags v2.13.1
       Fresh utf8parse v0.2.2
       Fresh aho-corasick v1.1.4
       Fresh toml_edit v0.22.27
       Fresh bindgen v0.72.1
       Fresh cc v1.4.0
       Fresh convert_case v0.11.0
       Fresh anstyle-parse v1.0.0
       Fresh is_terminal_polyfill v1.70.2
       Fresh anstyle v1.0.14
       Fresh anstyle-query v1.1.5
       Fresh colorchoice v1.0.5
       Fresh regex-syntax v0.8.11
       Fresh toml v0.8.23
       Fresh regex-automata v0.4.16
       Fresh anstream v1.0.0
       Fresh syn v3.0.3
       Fresh clap_lex v1.1.0
       Fresh strsim v0.11.1
       Fresh heck v0.5.0
       Fresh jiff-core v0.1.0
       Fresh regex v1.13.1
       Fresh clap_builder v4.6.2
       Fresh jiff v0.2.35
       Fresh clap_derive v4.6.4
       Fresh ajave-ir v0.1.0 (/private/var/folders/xq/wc8304x52tn2sw3bkvsv7fvc0000gn/T/cargo-mutants-roast-D3SVQL.tmp/crates/ajave-ir)
     Running `/Users/joss/.rustup/toolchains/1.98.1-aarch64-apple-darwin/bin/rustc --crate-name ajave_models --edition=2021 crates/ajave-models/src/lib.rs --error-format=json --json=diagnostic-rendered-ansi,artifacts,future-incompat --emit=dep-info,link -C embed-bitcode=no -C debuginfo=2 -C split-debuginfo=unpacked --test --check-cfg 'cfg(docsrs,test)' --check-cfg 'cfg(feature, values())' -C metadata=bc5677e765f8f4c6 -C extra-filename=-ab732c077cd498a9 --out-dir /private/var/folders/xq/wc8304x52tn2sw3bkvsv7fvc0000gn/T/cargo-mutants-roast-D3SVQL.tmp/target/debug/deps -C incremental=/private/var/folders/xq/wc8304x52tn2sw3bkvsv7fvc0000gn/T/cargo-mutants-roast-D3SVQL.tmp/target/debug/incremental -L dependency=/private/var/folders/xq/wc8304x52tn2sw3bkvsv7fvc0000gn/T/cargo-mutants-roast-D3SVQL.tmp/target/debug/deps --extern ajave_ir=/private/var/folders/xq/wc8304x52tn2sw3bkvsv7fvc0000gn/T/cargo-mutants-roast-D3SVQL.tmp/target/debug/deps/libajave_ir-de43b848364d2ccc.rlib`
       Fresh env_filter v2.0.0
       Fresh clap v4.6.4
       Fresh cvc5-sys v0.4.0
       Fresh env_logger v0.11.11
       Fresh cvc5 v0.4.0
error[E0277]: the trait bound `Ty: Default` is not satisfied
   --> crates/ajave-models/src/lib.rs:808:10
    |
808 |     Some(Default::default()) /* ~ changed by cargo-mutants ~ */
    |          ^^^^^^^^^^^^^^^^^^ the trait `Default` is not implemented for `Ty`

For more information about this error, try `rustc --explain E0277`.
error: could not compile `ajave-models` (lib) due to 1 previous error

Caused by:
  process didn't exit successfully: `/Users/joss/.rustup/toolchains/1.98.1-aarch64-apple-darwin/bin/rustc --crate-name ajave_models --edition=2021 crates/ajave-models/src/lib.rs --error-format=json --json=diagnostic-rendered-ansi,artifacts,future-incompat --crate-type lib --emit=dep-info,metadata,link -C embed-bitcode=no -C debuginfo=2 -C split-debuginfo=unpacked --check-cfg 'cfg(docsrs,test)' --check-cfg 'cfg(feature, values())' -C metadata=535c12e05a026dd3 -C extra-filename=-54847896c0885a7f --out-dir /private/var/folders/xq/wc8304x52tn2sw3bkvsv7fvc0000gn/T/cargo-mutants-roast-D3SVQL.tmp/target/debug/deps -C incremental=/private/var/folders/xq/wc8304x52tn2sw3bkvsv7fvc0000gn/T/cargo-mutants-roast-D3SVQL.tmp/target/debug/incremental -L dependency=/private/var/folders/xq/wc8304x52tn2sw3bkvsv7fvc0000gn/T/cargo-mutants-roast-D3SVQL.tmp/target/debug/deps --extern ajave_ir=/private/var/folders/xq/wc8304x52tn2sw3bkvsv7fvc0000gn/T/cargo-mutants-roast-D3SVQL.tmp/target/debug/deps/libajave_ir-de43b848364d2ccc.rmeta` (exit status: 1)
warning: build failed, waiting for other jobs to finish...
error: could not compile `ajave-models` (lib test) due to 1 previous error

Caused by:
  process didn't exit successfully: `/Users/joss/.rustup/toolchains/1.98.1-aarch64-apple-darwin/bin/rustc --crate-name ajave_models --edition=2021 crates/ajave-models/src/lib.rs --error-format=json --json=diagnostic-rendered-ansi,artifacts,future-incompat --emit=dep-info,link -C embed-bitcode=no -C debuginfo=2 -C split-debuginfo=unpacked --test --check-cfg 'cfg(docsrs,test)' --check-cfg 'cfg(feature, values())' -C metadata=bc5677e765f8f4c6 -C extra-filename=-ab732c077cd498a9 --out-dir /private/var/folders/xq/wc8304x52tn2sw3bkvsv7fvc0000gn/T/cargo-mutants-roast-D3SVQL.tmp/target/debug/deps -C incremental=/private/var/folders/xq/wc8304x52tn2sw3bkvsv7fvc0000gn/T/cargo-mutants-roast-D3SVQL.tmp/target/debug/incremental -L dependency=/private/var/folders/xq/wc8304x52tn2sw3bkvsv7fvc0000gn/T/cargo-mutants-roast-D3SVQL.tmp/target/debug/deps --extern ajave_ir=/private/var/folders/xq/wc8304x52tn2sw3bkvsv7fvc0000gn/T/cargo-mutants-roast-D3SVQL.tmp/target/debug/deps/libajave_ir-de43b848364d2ccc.rlib` (exit status: 1)

*** result: Failure(101)
